Create directory <repository-root>/outputs/supplementary/s2_independent_holdout/source_audit_20260906/mmseqs_tmp
easy-search <repository-root>/outputs\supplementary\s2_independent_holdout\source_audit_20260906\sequence_candidates.fasta <repository-root>/outputs\supplementary\s2_independent_holdout\source_audit_20260906\training_and_caid23_sequences.fasta <repository-root>/outputs\supplementary\s2_independent_holdout\source_audit_20260906\candidate_vs_training_and_caid23.tsv <repository-root>/outputs\supplementary\s2_independent_holdout\source_audit_20260906\mmseqs_tmp --prefilter-mode 2 --max-seqs 1799 --alignment-mode 3 --min-seq-id 0.30 -c 0.80 --cov-mode 0 -e 1000000 --mask 0 --comp-bias-corr 0 --threads 8 --format-output query,target,fident,alnlen,qlen,tlen,qcov,tcov

MMseqs Version:                        	8cc5ce367b5638c4306c2d7cfc652dd099a4643f
Substitution matrix                    	aa:blosum62.out,nucl:nucleotide.out
Add backtrace                          	false
Alignment mode                         	3
Alignment mode                         	0
Allow wrapped scoring                  	false
E-value threshold                      	1e+06
Seq. id. threshold                     	0.3
Min alignment length                   	0
Seq. id. mode                          	0
Alternative alignments                 	0
Coverage threshold                     	0.8
Coverage mode                          	0
Max sequence length                    	65535
Compositional bias                     	0
Compositional bias scale               	1
Max reject                             	2147483647
Max accept                             	2147483647
Include identical seq. id.             	false
Preload mode                           	0
Pseudo count a                         	substitution:1.100,context:1.400
Pseudo count b                         	substitution:4.100,context:5.800
Score bias                             	0
Realign hits                           	false
Realign score bias                     	-0.2
Realign max seqs                       	2147483647
Correlation score weight               	0
Gap open cost                          	aa:11,nucl:5
Gap extension cost                     	aa:1,nucl:2
Zdrop                                  	40
Threads                                	8
Compressed                             	0
Verbosity                              	3
Seed substitution matrix               	aa:VTML80.out,nucl:nucleotide.out
Sensitivity                            	5.7
k-mer length                           	0
Target search mode                     	0
k-score                                	seq:2147483647,prof:2147483647
Alphabet size                          	aa:21,nucl:5
Max results per query                  	1799
Split database                         	0
Split mode                             	2
Split memory limit                     	0
Diagonal scoring                       	true
Exact k-mer matching                   	0
Mask residues                          	0
Mask residues probability              	0.9
Mask lower case residues               	0
Mask lower letter repeating N times    	0
Minimum diagonal score                 	15
Selected taxa
Spaced k-mers                          	1
Spaced k-mer pattern
Local temporary path
Use GPU                                	0
Use GPU server                         	0
Wait for GPU server                    	600
Prefilter mode                         	2
Rescore mode                           	0
Remove hits by seq. id. and coverage   	false
Sort results                           	0
Mask profile                           	1
Profile E-value threshold              	0.001
Global sequence weighting              	false
Allow deletions                        	false
Filter MSA                             	1
Use filter only at N seqs              	0
Maximum seq. id. threshold             	0.9
Minimum seq. id.                       	0.0
Minimum score per column               	-20
Minimum coverage                       	0
Select N most diverse seqs             	1000
Pseudo count mode                      	0
Profile output mode                    	0
Min codons in orf                      	30
Max codons in length                   	32734
Max orf gaps                           	2147483647
Contig start mode                      	2
Contig end mode                        	2
Orf start mode                         	1
Forward frames                         	1,2,3
Reverse frames                         	1,2,3
Translation table                      	1
Translate orf                          	0
Use all table starts                   	false
Offset of numeric ids                  	0
Create lookup                          	0
Overlap between sequences              	0
Sequence split mode                    	1
Header split mode                      	0
Chain overlapping alignments           	0
Merge query                            	1
Search type                            	0
Search iterations                      	1
Start sensitivity                      	4
Search steps                           	1
Exhaustive search mode                 	false
Filter results during exhaustive search	0
Strand selection                       	1
LCA search mode                        	false
Disk space limit                       	0
MPI runner
Force restart with latest tmp          	false
Remove temporary files                 	true
Translation mode                       	0
Alignment format                       	0
Format alignment output                	query,target,fident,alnlen,qlen,tlen,qcov,tcov
Database output                        	false
Overlap threshold                      	0
Database type                          	0
Shuffle input database                 	true
Createdb mode                          	0
Write lookup file                      	0
Greedy best hits                       	false

createdb <repository-root>/outputs/supplementary/s2_independent_holdout/source_audit_20260906/sequence_candidates.fasta <repository-root>/outputs/supplementary/s2_independent_holdout/source_audit_20260906/mmseqs_tmp/258193619775902623/query --threads 8 --mask 0

Converting sequences
[
Time for merging to query_h: 0h 0m 0s 35ms
Time for merging to query: 0h 0m 0s 41ms
Database type: Aminoacid
Time for processing: 0h 0m 0s 259ms
createdb <repository-root>/outputs/supplementary/s2_independent_holdout/source_audit_20260906/training_and_caid23_sequences.fasta <repository-root>/outputs/supplementary/s2_independent_holdout/source_audit_20260906/mmseqs_tmp/258193619775902623/target --write-lookup 0 --threads 8 --mask 0 --gpu 0

Converting sequences
[
Time for merging to target_h: 0h 0m 0s 67ms
Time for merging to target: 0h 0m 0s 65ms
Database type: Aminoacid
Time for processing: 0h 0m 0s 293ms
Create directory <repository-root>/outputs/supplementary/s2_independent_holdout/source_audit_20260906/mmseqs_tmp/258193619775902623/search_tmp
search <repository-root>/outputs/supplementary/s2_independent_holdout/source_audit_20260906/mmseqs_tmp/258193619775902623/query <repository-root>/outputs/supplementary/s2_independent_holdout/source_audit_20260906/mmseqs_tmp/258193619775902623/target <repository-root>/outputs/supplementary/s2_independent_holdout/source_audit_20260906/mmseqs_tmp/258193619775902623/result <repository-root>/outputs/supplementary/s2_independent_holdout/source_audit_20260906/mmseqs_tmp/258193619775902623/search_tmp --alignment-mode 3 -e 1e+06 --min-seq-id 0.3 -c 0.8 --cov-mode 0 --comp-bias-corr 0 --threads 8 -s 5.7 --max-seqs 1799 --mask 0 --prefilter-mode 2 --remove-tmp-files 1

align <repository-root>/outputs/supplementary/s2_independent_holdout/source_audit_20260906/mmseqs_tmp/258193619775902623/query <repository-root>/outputs/supplementary/s2_independent_holdout/source_audit_20260906/mmseqs_tmp/258193619775902623/target <repository-root>/outputs/supplementary/s2_independent_holdout/source_audit_20260906/mmseqs_tmp/258193619775902623/search_tmp/17339920017612206834/pref_0 <repository-root>/outputs/supplementary/s2_independent_holdout/source_audit_20260906/mmseqs_tmp/258193619775902623/result --sub-mat 'aa:blosum62.out,nucl:nucleotide.out' -a 0 --alignment-mode 3 --alignment-output-mode 0 --wrapped-scoring 0 -e 1e+06 --min-seq-id 0.3 --min-aln-len 0 --seq-id-mode 0 --alt-ali 0 -c 0.8 --cov-mode 0 --max-seq-len 65535 --comp-bias-corr 0 --comp-bias-corr-scale 1 --max-rejected 2147483647 --max-accept 2147483647 --add-self-matches 0 --db-load-mode 0 --pca substitution:1.100,context:1.400 --pcb substitution:4.100,context:5.800 --score-bias 0 --realign 0 --realign-score-bias -0.2 --realign-max-seqs 2147483647 --corr-score-weight 0 --gap-open aa:11,nucl:5 --gap-extend aa:1,nucl:2 --zdrop 40 --threads 8 --compressed 0 -v 3

Compute score, coverage and sequence identity
Query database size: 163 type: Aminoacid
Target database size: 1799 type: Aminoacid
Calculation of alignments
[=================================================================] 163 0s 330ms
Time for merging to result: 0h 0m 0s 25ms
41871 alignments calculated
40 sequence pairs passed the thresholds (0.000955 of overall calculated)
0.245399 hits per query sequence
Time for processing: 0h 0m 0s 414ms
rmdb <repository-root>/outputs/supplementary/s2_independent_holdout/source_audit_20260906/mmseqs_tmp/258193619775902623/search_tmp/17339920017612206834/pref_0 -v 3

Time for processing: 0h 0m 0s 1ms
rmdb <repository-root>/outputs/supplementary/s2_independent_holdout/source_audit_20260906/mmseqs_tmp/258193619775902623/search_tmp/17339920017612206834/aln_0 -v 3

Time for processing: 0h 0m 0s 2ms
rmdb <repository-root>/outputs/supplementary/s2_independent_holdout/source_audit_20260906/mmseqs_tmp/258193619775902623/search_tmp/17339920017612206834/input_0 -v 3

Time for processing: 0h 0m 0s 1ms
rmdb <repository-root>/outputs/supplementary/s2_independent_holdout/source_audit_20260906/mmseqs_tmp/258193619775902623/search_tmp/17339920017612206834/aln_merge -v 3

Time for processing: 0h 0m 0s 1ms
convertalis <repository-root>/outputs/supplementary/s2_independent_holdout/source_audit_20260906/mmseqs_tmp/258193619775902623/query <repository-root>/outputs/supplementary/s2_independent_holdout/source_audit_20260906/mmseqs_tmp/258193619775902623/target <repository-root>/outputs/supplementary/s2_independent_holdout/source_audit_20260906/mmseqs_tmp/258193619775902623/result <repository-root>/outputs/supplementary/s2_independent_holdout/source_audit_20260906/candidate_vs_training_and_caid23.tsv --sub-mat 'aa:blosum62.out,nucl:nucleotide.out' --format-mode 0 --format-output query,target,fident,alnlen,qlen,tlen,qcov,tcov --translation-table 1 --gap-open aa:11,nucl:5 --gap-extend aa:1,nucl:2 --db-output 0 --db-load-mode 0 --search-type 0 --threads 8 --compressed 0 -v 3

[=================================================================] 163 0s 3ms
Time for merging to candidate_vs_training_and_caid23.tsv: 0h 0m 0s 26ms
Time for processing: 0h 0m 0s 67ms
rmdb <repository-root>/outputs/supplementary/s2_independent_holdout/source_audit_20260906/mmseqs_tmp/258193619775902623/result -v 3

Time for processing: 0h 0m 0s 2ms
rmdb <repository-root>/outputs/supplementary/s2_independent_holdout/source_audit_20260906/mmseqs_tmp/258193619775902623/target -v 3

Time for processing: 0h 0m 0s 2ms
rmdb <repository-root>/outputs/supplementary/s2_independent_holdout/source_audit_20260906/mmseqs_tmp/258193619775902623/target_h -v 3

Time for processing: 0h 0m 0s 1ms
rmdb <repository-root>/outputs/supplementary/s2_independent_holdout/source_audit_20260906/mmseqs_tmp/258193619775902623/query -v 3

Time for processing: 0h 0m 0s 2ms
rmdb <repository-root>/outputs/supplementary/s2_independent_holdout/source_audit_20260906/mmseqs_tmp/258193619775902623/query_h -v 3

Time for processing: 0h 0m 0s 2ms
